// Jest Snapshot v1, https://goo.gl/fbAQLP

exports[`chip component should render a chip component 1`] = `
<div>
  <div
    class="chip  svelte-8agz7l"
  >
    <div
      class="truncate svelte-4ya5ts"
      title="LABEL"
    >
      LABEL
    </div>
  </div>
</div>
`;
