// Jest Snapshot v1, https://goo.gl/fbAQLP

exports[`divider component should render a divider component 1`] = `
<div>
  <div
    class="divider horizontal svelte-1rcmn0v"
  />
</div>
`;
