// Jest Snapshot v1, https://goo.gl/fbAQLP

exports[`content-item-facets - store value should build an array of facets 1`] = `
Array [
  Object {
    "facetAs": "ENUM",
    "field": "assignees",
    "filter": Object {
      "type": "IN",
      "values": Array [
        "USER_1",
        "USER_2",
        "USER_3",
      ],
    },
    "name": "assignees",
  },
]
`;

exports[`content-item-facets - store value should build an array of facets without assignees 1`] = `Array []`;
